// Jest Snapshot v1, https://goo.gl/fbAQLP

exports[`Test component <GetItem/> should match the snapshot 1`] = `
<div>
  <div
    class="card"
  >
    <img
      alt="hello"
      src="https://www.hello.com/"
    />
    <p>
      hello
    </p>
  </div>
</div>
`;
